// Jest Snapshot v1, https://goo.gl/fbAQLP

exports[`ApolloSequenceAdapter can get features 1`] = `
[
  {
    "end": 30,
    "refName": "ctgA",
    "seq": "GCGTGCAACAGACTTTCCATGATGCGAGCT",
    "start": 0,
    "uniqueId": "ctgA 0-30",
  },
]
`;
